==> [application/x-cpio]

-rw-r--r--   1 501      20             30 Oct  7  2008 ./test1.xml
-rw-r--r--   1 501      20             31 Oct  7  2008 ./test2.xml
