==> [video/x-matroska]

General
Unique ID                                : 196594615084219407624281447734625377996 (0x93E6BEE045474DD3CF0E792EC44F1ECC)
Complete name                            : ./video/x-matroska/1.mkv
Format                                   : Matroska
Format version                           : Version 4 / Version 2
File size                                : 672 KiB
Duration                                 : 4 s 833 ms
Overall bit rate                         : 1 139 kb/s
Writing application                      : Lavf57.83.100
Writing library                          : Lavf57.83.100
ErrorDetectionType                       : Per level 1

Video
ID                                       : 1
Format                                   : VP9
Codec ID                                 : V_VP9
Duration                                 : 4 s 833 ms
Bit rate                                 : 1 116 kb/s
Width                                    : 500 pixels
Height                                   : 500 pixels
Display aspect ratio                     : 1.000
Frame rate mode                          : Constant
Frame rate                               : 30.000 FPS
Bits/(Pixel*Frame)                       : 0.149
Stream size                              : 659 KiB (98%)
Writing library                          : Lavc57.107.100 libvpx-vp9
Default                                  : Yes
Forced                                   : No


