==> [image/gif]

Image: ./image/gif/1.gif
  Format: GIF (CompuServe graphics interchange format)
  Mime type: image/gif
  Class: PseudoClass
  Geometry: 65x65+0+0
  Units: Undefined
  Colorspace: sRGB
  Type: PaletteAlpha
  Base type: Undefined
  Endianess: Undefined
  Depth: 8-bit
  Channel depth:
    Red: 8-bit
    Green: 8-bit
    Blue: 8-bit
    Alpha: 1-bit
  Channel statistics:
    Pixels: 4225
    Red:
      min: 0  (0)
      max: 226 (0.886275)
      mean: 21.6398 (0.0848618)
      standard deviation: 54.6799 (0.214431)
      kurtosis: 4.26536
      skewness: 2.42917
      entropy: 0.294464
    Green:
      min: 0  (0)
      max: 172 (0.67451)
      mean: 4.92213 (0.0193025)
      standard deviation: 18.1623 (0.0712248)
      kurtosis: 23.9683
      skewness: 4.6997
      entropy: 0.243865
    Blue:
      min: 0  (0)
      max: 213 (0.835294)
      mean: 25.0457 (0.0982184)
      standard deviation: 48.4203 (0.189884)
      kurtosis: 1.09773
      skewness: 1.64396
      entropy: 0.337058
    Alpha:
      min: 0  (0)
      max: 255 (1)
      mean: 82.0225 (0.321657)
      standard deviation: 119.128 (0.467167)
      kurtosis: -1.41767
      skewness: 0.763328
      entropy: 0.906174
  Image statistics:
    Overall:
      min: 0  (0)
      max: 255 (1)
      mean: 33.4075 (0.13101)
      standard deviation: 60.0975 (0.235677)
      kurtosis: 3.25619
      skewness: 2.18457
      entropy: 0.44539
  Alpha: none   #00000000
  Colors: 182
  Histogram:
      2866: (  0,  0,  0,  0) #00000000 none
        39: (  0,  0,  0,255) #000000FF black
       108: (  0,  0,124,255) #00007CFF srgba(0,0,124,1)
       193: (  0,  0,128,255) #000080FF navy
         6: (  1,  0, 43,255) #01002BFF srgba(1,0,43,1)
         3: (  1,  1, 11,255) #01010BFF srgba(1,1,11,1)
         6: (  1,  1, 21,255) #010115FF srgba(1,1,21,1)
         9: (  1,  1, 35,255) #010123FF srgba(1,1,35,1)
         8: (  1,  1, 59,255) #01013BFF srgba(1,1,59,1)
        14: (  1,  1, 68,255) #010144FF srgba(1,1,68,1)
        12: (  1,  1, 76,255) #01014CFF srgba(1,1,76,1)
        17: (  1,  1, 84,255) #010154FF srgba(1,1,84,1)
        11: (  1,  1, 92,255) #01015CFF srgba(1,1,92,1)
        65: (  1,  1,101,255) #010165FF srgba(1,1,101,1)
        26: (  1,  1,107,255) #01016BFF srgba(1,1,107,1)
        56: (  1,  1,116,255) #010174FF srgba(1,1,116,1)
         8: (  2,  1, 51,255) #020133FF srgba(2,1,51,1)
         5: (  2,  2, 27,255) #02021BFF srgba(2,2,27,1)
         6: (  9,  9,126,255) #09097EFF srgba(9,9,126,1)
         2: ( 10,  3, 93,255) #0A035DFF srgba(10,3,93,1)
         6: ( 10,  5,122,255) #0A057AFF srgba(10,5,122,1)
         2: ( 10, 10, 94,255) #0A0A5EFF srgba(10,10,94,1)
         8: ( 10, 10, 98,255) #0A0A62FF srgba(10,10,98,1)
         3: ( 11,  6, 85,255) #0B0655FF srgba(11,6,85,1)
         6: ( 11, 10, 28,255) #0B0A1CFF srgba(11,10,28,1)
         4: ( 11, 11, 42,255) #0B0B2AFF srgba(11,11,42,1)
         3: ( 11, 11, 67,255) #0B0B43FF srgba(11,11,67,1)
         3: ( 11, 11, 76,255) #0B0B4CFF srgba(11,11,76,1)
         3: ( 11, 11,108,255) #0B0B6CFF srgba(11,11,108,1)
        12: ( 11, 11,116,255) #0B0B74FF srgba(11,11,116,1)
        15: ( 11, 11,133,255) #0B0B85FF srgba(11,11,133,1)
         4: ( 12,  1,  1,255) #0C0101FF srgba(12,1,1,1)
         1: ( 12, 11, 22,255) #0C0B16FF srgba(12,11,22,1)
         4: ( 12, 12, 36,255) #0C0C24FF srgba(12,12,36,1)
         7: ( 12, 12, 82,255) #0C0C52FF srgba(12,12,82,1)
         2: ( 13,  0, 38,255) #0D0026FF srgba(13,0,38,1)
         4: ( 13, 13, 58,255) #0D0D3AFF srgba(13,13,58,1)
         3: ( 19, 19,132,255) #131384FF srgba(19,19,132,1)
         9: ( 19, 19,137,255) #131389FF srgba(19,19,137,1)
         1: ( 20,  9, 89,255) #140959FF srgba(20,9,89,1)
         5: ( 20, 20, 70,255) #141446FF srgba(20,20,70,1)
         7: ( 20, 20, 75,255) #14144BFF srgba(20,20,75,1)
         3: ( 21,  6,  8,255) #150608FF srgba(21,6,8,1)
         2: ( 21, 21, 47,255) #15152FFF srgba(21,21,47,1)
         1: ( 23, 23, 52,255) #171734FF srgba(23,23,52,1)
         2: ( 24, 24,121,255) #181879FF srgba(24,24,121,1)
         1: ( 26,  6,108,255) #1A066CFF srgba(26,6,108,1)
         3: ( 26, 26,107,255) #1A1A6BFF srgba(26,26,107,1)
         3: ( 27, 27, 75,255) #1B1B4BFF srgba(27,27,75,1)
         8: ( 27, 27,141,255) #1B1B8DFF srgba(27,27,141,1)
         4: ( 28, 28, 83,255) #1C1C53FF srgba(28,28,83,1)
         1: ( 29,  1, 66,255) #1D0142FF srgba(29,1,66,1)
         1: ( 30, 30,100,255) #1E1E64FF srgba(30,30,100,1)
         5: ( 34, 34, 81,255) #222251FF srgba(34,34,81,1)
         2: ( 35,  0,  0,255) #230000FF srgba(35,0,0,1)
         1: ( 35,  4, 83,255) #230453FF srgba(35,4,83,1)
         2: ( 35,  8,104,255) #230868FF srgba(35,8,104,1)
         1: ( 36, 36, 55,255) #242437FF srgba(36,36,55,1)
         8: ( 36, 36,146,255) #242492FF srgba(36,36,146,1)
         3: ( 37,  2, 56,255) #250238FF srgba(37,2,56,1)
         1: ( 37, 37, 78,255) #25254EFF srgba(37,37,78,1)
         2: ( 37, 37,134,255) #252586FF srgba(37,37,134,1)
         2: ( 38, 38,108,255) #26266CFF srgba(38,38,108,1)
         1: ( 41, 41, 92,255) #29295CFF srgba(41,41,92,1)
         2: ( 42,  0,  0,255) #2A0000FF srgba(42,0,0,1)
         2: ( 42, 19, 19,255) #2A1313FF srgba(42,19,19,1)
         2: ( 42, 42, 86,255) #2A2A56FF srgba(42,42,86,1)
         1: ( 43, 20, 48,255) #2B1430FF srgba(43,20,48,1)
        14: ( 43, 43,148,255) #2B2B94FF srgba(43,43,148,1)
         2: ( 44,  5, 11,255) #2C050BFF srgba(44,5,11,1)
         2: ( 45, 39,108,255) #2D276CFF srgba(45,39,108,1)
         1: ( 46, 46,127,255) #2E2E7FFF srgba(46,46,127,1)
         1: ( 50,  4, 83,255) #320453FF srgba(50,4,83,1)
         1: ( 50,  7,  8,255) #320708FF srgba(50,7,8,1)
         8: ( 51, 51,153,255) #333399FF srgba(51,51,153,1)
         3: ( 52, 52,100,255) #343464FF srgba(52,52,100,1)
         2: ( 52, 52,148,255) #343494FF srgba(52,52,148,1)
         2: ( 53, 53,137,255) #353589FF srgba(53,53,137,1)
         3: ( 54, 52,123,255) #36347BFF srgba(54,52,123,1)
         1: ( 55, 30, 30,255) #371E1EFF srgba(55,30,30,1)
         1: ( 56, 56, 92,255) #38385CFF srgba(56,56,92,1)
         1: ( 58,  6, 72,255) #3A0648FF srgba(58,6,72,1)
         2: ( 59, 59,103,255) #3B3B67FF srgba(59,59,103,1)
        11: ( 59, 59,156,255) #3B3B9CFF srgba(59,59,156,1)
         6: ( 60,  1,  2,255) #3C0102FF srgba(60,1,2,1)
         2: ( 60, 60,149,255) #3C3C95FF srgba(60,60,149,1)
         5: ( 66, 66,149,255) #424295FF srgba(66,66,149,1)
         1: ( 67, 67,113,255) #434371FF srgba(67,67,113,1)
         8: ( 68, 68,162,255) #4444A2FF srgba(68,68,162,1)
         3: ( 71,  6, 56,255) #470638FF srgba(71,6,56,1)
         1: ( 72, 22, 70,255) #481646FF srgba(72,22,70,1)
         3: ( 73,  0,  0,255) #490000FF srgba(73,0,0,1)
         1: ( 73,  4, 67,255) #490443FF srgba(73,4,67,1)
         2: ( 73, 14, 83,255) #490E53FF srgba(73,14,83,1)
        13: ( 74, 74,165,255) #4A4AA5FF srgba(74,74,165,1)
         3: ( 75, 75,114,255) #4B4B72FF srgba(75,75,114,1)
         2: ( 75, 75,146,255) #4B4B92FF srgba(75,75,146,1)
         1: ( 77, 77,111,255) #4D4D6FFF srgba(77,77,111,1)
         1: ( 77, 77,134,255) #4D4D86FF srgba(77,77,134,1)
         1: ( 82,  4, 20,255) #520414FF srgba(82,4,20,1)
         2: ( 84,  2,  2,255) #540202FF srgba(84,2,2,1)
         3: ( 84, 84,167,255) #5454A7FF srgba(84,84,167,1)
         2: ( 85, 85,151,255) #555597FF srgba(85,85,151,1)
         1: ( 87, 17, 65,255) #571141FF srgba(87,17,65,1)
         2: ( 87, 87,156,255) #57579CFF srgba(87,87,156,1)
         2: ( 89, 89,131,255) #595983FF srgba(89,89,131,1)
         2: ( 91,  0,  0,255) #5B0000FF srgba(91,0,0,1)
         2: ( 93,  3, 23,255) #5D0317FF srgba(93,3,23,1)
         3: ( 97, 97,166,255) #6161A6FF srgba(97,97,166,1)
         1: ( 98, 98,136,255) #626288FF srgba(98,98,136,1)
         1: (100, 31, 70,255) #641F46FF srgba(100,31,70,1)
         2: (101,  3, 38,255) #650326FF srgba(101,3,38,1)
         2: (101, 25, 60,255) #65193CFF srgba(101,25,60,1)
         2: (101,101,175,255) #6565AFFF srgba(101,101,175,1)
         3: (101,101,178,255) #6565B2FF srgba(101,101,178,1)
         4: (102,  0,  0,255) #660000FF srgba(102,0,0,1)
         2: (102,102,154,255) #66669AFF srgba(102,102,154,1)
         1: (106,  5, 26,255) #6A051AFF srgba(106,5,26,1)
         1: (108, 56, 96,255) #6C3860FF srgba(108,56,96,1)
         7: (108,108,181,255) #6C6CB5FF srgba(108,108,181,1)
         1: (110, 39, 68,255) #6E2744FF srgba(110,39,68,1)
         1: (110, 49, 75,255) #6E314BFF srgba(110,49,75,1)
         1: (111, 24, 24,255) #6F1818FF srgba(111,24,24,1)
         1: (111, 53, 92,255) #6F355CFF srgba(111,53,92,1)
         1: (113,113,172,255) #7171ACFF srgba(113,113,172,1)
         2: (116,  1,  1,255) #740101FF srgba(116,1,1,1)
         3: (116,116,186,255) #7474BAFF srgba(116,116,186,1)
         2: (117,  3, 36,255) #750324FF srgba(117,3,36,1)
         2: (118,118,181,255) #7676B5FF srgba(118,118,181,1)
         4: (122,  3,  3,255) #7A0303FF srgba(122,3,3,1)
         1: (122, 50, 50,255) #7A3232FF srgba(122,50,50,1)
         1: (124,  4, 23,255) #7C0417FF srgba(124,4,23,1)
         3: (124,124,189,255) #7C7CBDFF srgba(124,124,189,1)
         1: (125,  2,  8,255) #7D0208FF srgba(125,2,8,1)
         2: (130, 35, 35,255) #822323FF srgba(130,35,35,1)
         2: (131,  1, 11,255) #83010BFF srgba(131,1,11,1)
         3: (131,  3,  3,255) #830303FF srgba(131,3,3,1)
         3: (134,  6, 25,255) #860619FF srgba(134,6,25,1)
         2: (138,138,196,255) #8A8AC4FF srgba(138,138,196,1)
         4: (141,  5,  7,255) #8D0507FF srgba(141,5,7,1)
         1: (142,  5, 10,255) #8E050AFF srgba(142,5,10,1)
         1: (143, 10, 33,255) #8F0A21FF srgba(143,10,33,1)
        10: (145,  1, 18,255) #910112FF srgba(145,1,18,1)
         2: (149,  1,  2,255) #950102FF srgba(149,1,2,1)
         3: (152,  8, 23,255) #980817FF srgba(152,8,23,1)
         2: (154, 10, 10,255) #9A0A0AFF srgba(154,10,10,1)
         2: (157,  9, 21,255) #9D0915FF srgba(157,9,21,1)
         2: (159, 49, 64,255) #9F3140FF srgba(159,49,64,1)
         5: (163,  2, 11,255) #A3020BFF srgba(163,2,11,1)
        28: (164,  0,  1,255) #A40001FF srgba(164,0,1,1)
         2: (164, 11, 14,255) #A40B0EFF srgba(164,11,14,1)
         1: (167, 24, 25,255) #A71819FF srgba(167,24,25,1)
        15: (171,  1,  1,255) #AB0101FF srgba(171,1,1,1)
         5: (171, 19, 20,255) #AB1314FF srgba(171,19,20,1)
         1: (171,171,213,255) #ABABD5FF srgba(171,171,213,1)
       181: (180,  0,  0,255) #B40000FF srgba(180,0,0,1)
         2: (180, 26, 27,255) #B41A1BFF srgba(180,26,27,1)
         1: (181, 19, 19,255) #B51313FF srgba(181,19,19,1)
        12: (183, 10, 10,255) #B70A0AFF srgba(183,10,10,1)
        24: (184, 12, 12,255) #B80C0CFF srgba(184,12,12,1)
         5: (185, 18, 18,255) #B91212FF srgba(185,18,18,1)
         1: (185,127,127,255) #B97F7FFF srgba(185,127,127,1)
        12: (187, 27, 27,255) #BB1B1BFF srgba(187,27,27,1)
         1: (187, 51, 51,255) #BB3333FF srgba(187,51,51,1)
         7: (190, 35, 35,255) #BE2323FF srgba(190,35,35,1)
         2: (192, 42, 42,255) #C02A2AFF srgba(192,42,42,1)
         7: (195, 51, 51,255) #C33333FF srgba(195,51,51,1)
         2: (196, 70, 70,255) #C44646FF srgba(196,70,70,1)
        11: (197, 58, 58,255) #C53A3AFF srgba(197,58,58,1)
         2: (198, 89, 89,255) #C65959FF srgba(198,89,89,1)
         8: (201, 70, 70,255) #C94646FF srgba(201,70,70,1)
         3: (202, 76, 76,255) #CA4C4CFF srgba(202,76,76,1)
         2: (203,108,108,255) #CB6C6CFF srgba(203,108,108,1)
         9: (204, 82, 82,255) #CC5252FF srgba(204,82,82,1)
         4: (206,118,118,255) #CE7676FF srgba(206,118,118,1)
         3: (206,119,120,255) #CE7778FF srgba(206,119,120,1)
         2: (208,117,117,255) #D07575FF srgba(208,117,117,1)
        10: (208,121,121,255) #D07979FF srgba(208,121,121,1)
         1: (211,107,107,255) #D36B6BFF srgba(211,107,107,1)
         2: (211,130,130,255) #D38282FF srgba(211,130,130,1)
         1: (219,153,153,255) #DB9999FF srgba(219,153,153,1)
         1: (226,172,172,255) #E2ACACFF srgba(226,172,172,1)
  Colormap entries: 256
  Colormap:
         0: (  0,  0,  0,  0) #00000000 none
         1: (  0,  0,  0,255) #000000FF black
         2: ( 12,  1,  1,255) #0C0101FF srgba(12,1,1,1)
         3: (  1,  1, 11,255) #01010BFF srgba(1,1,11,1)
         4: ( 21,  6,  8,255) #150608FF srgba(21,6,8,1)
         5: (  1,  1, 21,255) #010115FF srgba(1,1,21,1)
         6: ( 12, 11, 22,255) #0C0B16FF srgba(12,11,22,1)
         7: (  2,  2, 27,255) #02021BFF srgba(2,2,27,1)
         8: ( 11, 10, 28,255) #0B0A1CFF srgba(11,10,28,1)
         9: ( 35,  0,  0,255) #230000FF srgba(35,0,0,1)
        10: ( 42,  0,  0,255) #2A0000FF srgba(42,0,0,1)
        11: ( 44,  5, 11,255) #2C050BFF srgba(44,5,11,1)
        12: ( 60,  1,  2,255) #3C0102FF srgba(60,1,2,1)
        13: ( 50,  7,  8,255) #320708FF srgba(50,7,8,1)
        14: ( 42, 19, 19,255) #2A1313FF srgba(42,19,19,1)
        15: ( 55, 30, 30,255) #371E1EFF srgba(55,30,30,1)
        16: (  1,  1, 35,255) #010123FF srgba(1,1,35,1)
        17: ( 13,  0, 38,255) #0D0026FF srgba(13,0,38,1)
        18: ( 12, 12, 36,255) #0C0C24FF srgba(12,12,36,1)
        19: (  1,  0, 43,255) #01002BFF srgba(1,0,43,1)
        20: ( 11, 11, 42,255) #0B0B2AFF srgba(11,11,42,1)
        21: ( 21, 21, 47,255) #15152FFF srgba(21,21,47,1)
        22: (  2,  1, 51,255) #020133FF srgba(2,1,51,1)
        23: (  1,  1, 59,255) #01013BFF srgba(1,1,59,1)
        24: ( 13, 13, 58,255) #0D0D3AFF srgba(13,13,58,1)
        25: ( 23, 23, 52,255) #171734FF srgba(23,23,52,1)
        26: ( 37,  2, 56,255) #250238FF srgba(37,2,56,1)
        27: ( 43, 20, 48,255) #2B1430FF srgba(43,20,48,1)
        28: ( 36, 36, 55,255) #242437FF srgba(36,36,55,1)
        29: ( 73,  0,  0,255) #490000FF srgba(73,0,0,1)
        30: ( 84,  2,  2,255) #540202FF srgba(84,2,2,1)
        31: ( 91,  0,  0,255) #5B0000FF srgba(91,0,0,1)
        32: ( 93,  3, 23,255) #5D0317FF srgba(93,3,23,1)
        33: ( 82,  4, 20,255) #520414FF srgba(82,4,20,1)
        34: (102,  0,  0,255) #660000FF srgba(102,0,0,1)
        35: (116,  1,  1,255) #740101FF srgba(116,1,1,1)
        36: (122,  3,  3,255) #7A0303FF srgba(122,3,3,1)
        37: (125,  2,  8,255) #7D0208FF srgba(125,2,8,1)
        38: (106,  5, 26,255) #6A051AFF srgba(106,5,26,1)
        39: (124,  4, 23,255) #7C0417FF srgba(124,4,23,1)
        40: (111, 24, 24,255) #6F1818FF srgba(111,24,24,1)
        41: ( 71,  6, 56,255) #470638FF srgba(71,6,56,1)
        42: (101,  3, 38,255) #650326FF srgba(101,3,38,1)
        43: (117,  3, 36,255) #750324FF srgba(117,3,36,1)
        44: (101, 25, 60,255) #65193CFF srgba(101,25,60,1)
        45: (122, 50, 50,255) #7A3232FF srgba(122,50,50,1)
        46: (  1,  1, 68,255) #010144FF srgba(1,1,68,1)
        47: ( 11, 11, 67,255) #0B0B43FF srgba(11,11,67,1)
        48: (  1,  1, 76,255) #01014CFF srgba(1,1,76,1)
        49: ( 11, 11, 76,255) #0B0B4CFF srgba(11,11,76,1)
        50: ( 29,  1, 66,255) #1D0142FF srgba(29,1,66,1)
        51: ( 20, 20, 70,255) #141446FF srgba(20,20,70,1)
        52: ( 20, 20, 75,255) #14144BFF srgba(20,20,75,1)
        53: ( 27, 27, 75,255) #1B1B4BFF srgba(27,27,75,1)
        54: (  1,  1, 84,255) #010154FF srgba(1,1,84,1)
        55: ( 12, 12, 82,255) #0C0C52FF srgba(12,12,82,1)
        56: (  1,  1, 92,255) #01015CFF srgba(1,1,92,1)
        57: ( 10,  3, 93,255) #0A035DFF srgba(10,3,93,1)
        58: ( 10, 10, 94,255) #0A0A5EFF srgba(10,10,94,1)
        59: ( 11,  6, 85,255) #0B0655FF srgba(11,6,85,1)
        60: ( 20,  9, 89,255) #140959FF srgba(20,9,89,1)
        61: ( 28, 28, 83,255) #1C1C53FF srgba(28,28,83,1)
        62: ( 58,  6, 72,255) #3A0648FF srgba(58,6,72,1)
        63: ( 35,  4, 83,255) #230453FF srgba(35,4,83,1)
        64: ( 50,  4, 83,255) #320453FF srgba(50,4,83,1)
        65: ( 37, 37, 78,255) #25254EFF srgba(37,37,78,1)
        66: ( 34, 34, 81,255) #222251FF srgba(34,34,81,1)
        67: ( 42, 42, 86,255) #2A2A56FF srgba(42,42,86,1)
        68: ( 41, 41, 92,255) #29295CFF srgba(41,41,92,1)
        69: ( 56, 56, 92,255) #38385CFF srgba(56,56,92,1)
        70: (  1,  1,101,255) #010165FF srgba(1,1,101,1)
        71: ( 10, 10, 98,255) #0A0A62FF srgba(10,10,98,1)
        72: (  1,  1,107,255) #01016BFF srgba(1,1,107,1)
        73: ( 11, 11,108,255) #0B0B6CFF srgba(11,11,108,1)
        74: ( 26,  6,108,255) #1A066CFF srgba(26,6,108,1)
        75: ( 26, 26,107,255) #1A1A6BFF srgba(26,26,107,1)
        76: ( 30, 30,100,255) #1E1E64FF srgba(30,30,100,1)
        77: (  1,  1,116,255) #010174FF srgba(1,1,116,1)
        78: ( 11, 11,116,255) #0B0B74FF srgba(11,11,116,1)
        79: (  0,  0,124,255) #00007CFF srgba(0,0,124,1)
        80: (  9,  9,126,255) #09097EFF srgba(9,9,126,1)
        81: ( 10,  5,122,255) #0A057AFF srgba(10,5,122,1)
        82: ( 24, 24,121,255) #181879FF srgba(24,24,121,1)
        83: ( 35,  8,104,255) #230868FF srgba(35,8,104,1)
        84: ( 38, 38,108,255) #26266CFF srgba(38,38,108,1)
        85: ( 45, 39,108,255) #2D276CFF srgba(45,39,108,1)
        86: ( 50, 39, 97,255) #322761FF srgba(50,39,97,1)
        87: ( 52, 52,100,255) #343464FF srgba(52,52,100,1)
        88: ( 59, 59,103,255) #3B3B67FF srgba(59,59,103,1)
        89: ( 46, 46,127,255) #2E2E7FFF srgba(46,46,127,1)
        90: ( 54, 52,123,255) #36347BFF srgba(54,52,123,1)
        91: ( 73,  4, 67,255) #490443FF srgba(73,4,67,1)
        92: ( 87, 17, 65,255) #571141FF srgba(87,17,65,1)
        93: ( 73, 14, 83,255) #490E53FF srgba(73,14,83,1)
        94: ( 72, 22, 70,255) #481646FF srgba(72,22,70,1)
        95: (100, 31, 70,255) #641F46FF srgba(100,31,70,1)
        96: (110, 39, 68,255) #6E2744FF srgba(110,39,68,1)
        97: (110, 49, 75,255) #6E314BFF srgba(110,49,75,1)
        98: (111, 53, 92,255) #6F355CFF srgba(111,53,92,1)
        99: ( 66, 28,107,255) #421C6BFF srgba(66,28,107,1)
       100: (108, 56, 96,255) #6C3860FF srgba(108,56,96,1)
       101: ( 77, 77,111,255) #4D4D6FFF srgba(77,77,111,1)
       102: ( 75, 75,114,255) #4B4B72FF srgba(75,75,114,1)
       103: ( 67, 67,113,255) #434371FF srgba(67,67,113,1)
       104: (131,  3,  3,255) #830303FF srgba(131,3,3,1)
       105: (141,  5,  7,255) #8D0507FF srgba(141,5,7,1)
       106: (131,  1, 11,255) #83010BFF srgba(131,1,11,1)
       107: (142,  5, 10,255) #8E050AFF srgba(142,5,10,1)
       108: (149,  1,  2,255) #950102FF srgba(149,1,2,1)
       109: (154, 10, 10,255) #9A0A0AFF srgba(154,10,10,1)
       110: (155,  1,  9,255) #9B0109FF srgba(155,1,9,1)
       111: (134,  6, 25,255) #860619FF srgba(134,6,25,1)
       112: (145,  1, 18,255) #910112FF srgba(145,1,18,1)
       113: (157,  9, 21,255) #9D0915FF srgba(157,9,21,1)
       114: (152,  8, 23,255) #980817FF srgba(152,8,23,1)
       115: (164,  0,  1,255) #A40001FF srgba(164,0,1,1)
       116: (171,  1,  1,255) #AB0101FF srgba(171,1,1,1)
       117: (163,  2, 11,255) #A3020BFF srgba(163,2,11,1)
       118: (164, 11, 14,255) #A40B0EFF srgba(164,11,14,1)
       119: (180,  0,  0,255) #B40000FF srgba(180,0,0,1)
       120: (183, 10, 10,255) #B70A0AFF srgba(183,10,10,1)
       121: (184, 12, 12,255) #B80C0CFF srgba(184,12,12,1)
       122: (171, 19, 20,255) #AB1314FF srgba(171,19,20,1)
       123: (167, 24, 25,255) #A71819FF srgba(167,24,25,1)
       124: (185, 18, 18,255) #B91212FF srgba(185,18,18,1)
       125: (180, 26, 27,255) #B41A1BFF srgba(180,26,27,1)
       126: (187, 27, 27,255) #BB1B1BFF srgba(187,27,27,1)
       127: (181, 19, 19,255) #B51313FF srgba(181,19,19,1)
       128: (143, 10, 33,255) #8F0A21FF srgba(143,10,33,1)
       129: (130, 35, 35,255) #822323FF srgba(130,35,35,1)
       130: (140, 34, 63,255) #8C223FFF srgba(140,34,63,1)
       131: (190, 35, 35,255) #BE2323FF srgba(190,35,35,1)
       132: (187, 51, 51,255) #BB3333FF srgba(187,51,51,1)
       133: (192, 42, 42,255) #C02A2AFF srgba(192,42,42,1)
       134: (195, 51, 51,255) #C33333FF srgba(195,51,51,1)
       135: (197, 58, 58,255) #C53A3AFF srgba(197,58,58,1)
       136: (159, 49, 64,255) #9F3140FF srgba(159,49,64,1)
       137: (185,127,127,255) #B97F7FFF srgba(185,127,127,1)
       138: (201, 70, 70,255) #C94646FF srgba(201,70,70,1)
       139: (202, 76, 76,255) #CA4C4CFF srgba(202,76,76,1)
       140: (196, 70, 70,255) #C44646FF srgba(196,70,70,1)
       141: (204, 82, 82,255) #CC5252FF srgba(204,82,82,1)
       142: (198, 89, 89,255) #C65959FF srgba(198,89,89,1)
       143: (203,108,108,255) #CB6C6CFF srgba(203,108,108,1)
       144: (211,107,107,255) #D36B6BFF srgba(211,107,107,1)
       145: (206,118,118,255) #CE7676FF srgba(206,118,118,1)
       146: (206,119,120,255) #CE7778FF srgba(206,119,120,1)
       147: (208,121,121,255) #D07979FF srgba(208,121,121,1)
       148: (208,117,117,255) #D07575FF srgba(208,117,117,1)
       149: (  0,  0,128,255) #000080FF navy
       150: ( 11, 11,133,255) #0B0B85FF srgba(11,11,133,1)
       151: ( 19, 19,132,255) #131384FF srgba(19,19,132,1)
       152: ( 19, 19,137,255) #131389FF srgba(19,19,137,1)
       153: ( 27, 27,141,255) #1B1B8DFF srgba(27,27,141,1)
       154: ( 37, 37,134,255) #252586FF srgba(37,37,134,1)
       155: ( 36, 36,139,255) #24248BFF srgba(36,36,139,1)
       156: ( 53, 53,137,255) #353589FF srgba(53,53,137,1)
       157: ( 36, 36,146,255) #242492FF srgba(36,36,146,1)
       158: ( 43, 43,148,255) #2B2B94FF srgba(43,43,148,1)
       159: ( 52, 52,148,255) #343494FF srgba(52,52,148,1)
       160: ( 60, 60,149,255) #3C3C95FF srgba(60,60,149,1)
       161: ( 51, 51,153,255) #333399FF srgba(51,51,153,1)
       162: ( 59, 59,156,255) #3B3B9CFF srgba(59,59,156,1)
       163: ( 77, 77,134,255) #4D4D86FF srgba(77,77,134,1)
       164: ( 89, 89,131,255) #595983FF srgba(89,89,131,1)
       165: ( 66, 66,149,255) #424295FF srgba(66,66,149,1)
       166: ( 75, 75,146,255) #4B4B92FF srgba(75,75,146,1)
       167: ( 85, 85,151,255) #555597FF srgba(85,85,151,1)
       168: ( 87, 87,156,255) #57579CFF srgba(87,87,156,1)
       169: ( 98, 98,136,255) #626288FF srgba(98,98,136,1)
       170: (102,102,154,255) #66669AFF srgba(102,102,154,1)
       171: ( 68, 68,162,255) #4444A2FF srgba(68,68,162,1)
       172: ( 74, 74,165,255) #4A4AA5FF srgba(74,74,165,1)
       173: ( 84, 84,167,255) #5454A7FF srgba(84,84,167,1)
       174: ( 97, 97,166,255) #6161A6FF srgba(97,97,166,1)
       175: (101,101,175,255) #6565AFFF srgba(101,101,175,1)
       176: (113,113,172,255) #7171ACFF srgba(113,113,172,1)
       177: (101,101,178,255) #6565B2FF srgba(101,101,178,1)
       178: (108,108,181,255) #6C6CB5FF srgba(108,108,181,1)
       179: (116,116,186,255) #7474BAFF srgba(116,116,186,1)
       180: (124,124,189,255) #7C7CBDFF srgba(124,124,189,1)
       181: (118,118,181,255) #7676B5FF srgba(118,118,181,1)
       182: (211,130,130,255) #D38282FF srgba(211,130,130,1)
       183: (219,153,153,255) #DB9999FF srgba(219,153,153,1)
       184: (226,172,172,255) #E2ACACFF srgba(226,172,172,1)
       185: (138,138,196,255) #8A8AC4FF srgba(138,138,196,1)
       186: (171,171,213,255) #ABABD5FF srgba(171,171,213,1)
       187: (  0,  0,  0,255) #000000FF black
       188: (  0,  0,  0,255) #000000FF black
       189: (  0,  0,  0,255) #000000FF black
       190: (  0,  0,  0,255) #000000FF black
       191: (  0,  0,  0,255) #000000FF black
       192: (  0,  0,  0,255) #000000FF black
       193: (  0,  0,  0,255) #000000FF black
       194: (  0,  0,  0,255) #000000FF black
       195: (  0,  0,  0,255) #000000FF black
       196: (  0,  0,  0,255) #000000FF black
       197: (  0,  0,  0,255) #000000FF black
       198: (  0,  0,  0,255) #000000FF black
       199: (  0,  0,  0,255) #000000FF black
       200: (  0,  0,  0,255) #000000FF black
       201: (  0,  0,  0,255) #000000FF black
       202: (  0,  0,  0,255) #000000FF black
       203: (  0,  0,  0,255) #000000FF black
       204: (  0,  0,  0,255) #000000FF black
       205: (  0,  0,  0,255) #000000FF black
       206: (  0,  0,  0,255) #000000FF black
       207: (  0,  0,  0,255) #000000FF black
       208: (  0,  0,  0,255) #000000FF black
       209: (  0,  0,  0,255) #000000FF black
       210: (  0,  0,  0,255) #000000FF black
       211: (  0,  0,  0,255) #000000FF black
       212: (  0,  0,  0,255) #000000FF black
       213: (  0,  0,  0,255) #000000FF black
       214: (  0,  0,  0,255) #000000FF black
       215: (  0,  0,  0,255) #000000FF black
       216: (  0,  0,  0,255) #000000FF black
       217: (  0,  0,  0,255) #000000FF black
       218: (  0,  0,  0,255) #000000FF black
       219: (  0,  0,  0,255) #000000FF black
       220: (  0,  0,  0,255) #000000FF black
       221: (  0,  0,  0,255) #000000FF black
       222: (  0,  0,  0,255) #000000FF black
       223: (  0,  0,  0,255) #000000FF black
       224: (  0,  0,  0,255) #000000FF black
       225: (  0,  0,  0,255) #000000FF black
       226: (  0,  0,  0,255) #000000FF black
       227: (  0,  0,  0,255) #000000FF black
       228: (  0,  0,  0,255) #000000FF black
       229: (  0,  0,  0,255) #000000FF black
       230: (  0,  0,  0,255) #000000FF black
       231: (  0,  0,  0,255) #000000FF black
       232: (  0,  0,  0,255) #000000FF black
       233: (  0,  0,  0,255) #000000FF black
       234: (  0,  0,  0,255) #000000FF black
       235: (  0,  0,  0,255) #000000FF black
       236: (  0,  0,  0,255) #000000FF black
       237: (  0,  0,  0,255) #000000FF black
       238: (  0,  0,  0,255) #000000FF black
       239: (  0,  0,  0,255) #000000FF black
       240: (  0,  0,  0,255) #000000FF black
       241: (  0,  0,  0,255) #000000FF black
       242: (  0,  0,  0,255) #000000FF black
       243: (  0,  0,  0,255) #000000FF black
       244: (  0,  0,  0,255) #000000FF black
       245: (  0,  0,  0,255) #000000FF black
       246: (  0,  0,  0,255) #000000FF black
       247: (  0,  0,  0,255) #000000FF black
       248: (  0,  0,  0,255) #000000FF black
       249: (  0,  0,  0,255) #000000FF black
       250: (  0,  0,  0,255) #000000FF black
       251: (  0,  0,  0,255) #000000FF black
       252: (  0,  0,  0,255) #000000FF black
       253: (  0,  0,  0,255) #000000FF black
       254: (  0,  0,  0,255) #000000FF black
       255: (  0,  0,  0,255) #000000FF black
  Rendering intent: Perceptual
  Gamma: 0.454545
  Chromaticity:
    red primary: (0.64,0.33)
    green primary: (0.3,0.6)
    blue primary: (0.15,0.06)
    white point: (0.3127,0.329)
  Matte color: grey74
  Background color: none
  Border color: srgb(223,223,223)
  Transparent color: none
  Interlace: None
  Intensity: Undefined
  Compose: Over
  Page geometry: 65x65+0+0
  Dispose: Undefined
  Iterations: 0
  Compression: LZW
  Orientation: Undefined
  Properties:
    date:create: 2020-06-26T23:43:28+03:00
    date:modify: 2020-06-20T17:23:52+03:00
    signature: eb4a60cbcf59f4e37f0491b6dbfbc57df5f10ae70fcae143d1e60da99e9ddeac
  Artifacts:
    verbose: true
  Tainted: False
  Filesize: 2200B
  Number pixels: 4225
  User time: 0.000u
  Elapsed time: 0:01.000
  Version: ImageMagick 7.0.7-34 Q16 x86_64 20180520 https://www.imagemagick.org
