==> [application/vnd.ms-cab-compressed]

 File size | Date       Time     | Name
-----------+---------------------+-------------
        77 | 12.03.1997 11:13:52 | hello.c
        74 | 12.03.1997 11:15:14 | welcome.c
