==> [application/x-sharedlib]

0000000000202090 b bdiag
0000000000000e0f t compareseq
0000000000202040 b completed.6998
                 w __cxa_finalize@@GLIBC_2.2.5
0000000000000570 t deregister_tm_clones
0000000000000762 t diag
0000000000000600 t __do_global_dtors_aux
0000000000201df8 t __do_global_dtors_aux_fini_array_entry
0000000000202028 d __dso_handle
0000000000201e00 d _DYNAMIC
0000000000202088 b fdiag
00000000002020a8 b fdiag_buf.4218
00000000002020a0 b fdiag_max.4219
00000000000011e0 T _fini
0000000000000640 t frame_dummy
0000000000201df0 t __frame_dummy_init_array_entry
0000000000001310 r __FRAME_END__
0000000000000fd1 T fstrcmp
0000000000202000 d _GLOBAL_OFFSET_TABLE_
                 w __gmon_start__
00000000000011f8 r __GNU_EH_FRAME_HDR
0000000000000510 T _init
                 w _ITM_deregisterTMCloneTable
                 w _ITM_registerTMCloneTable
000000000000064a T Java_coneforest_jfstrcmp_Similarity_jfstrcmp
0000000000202080 b max_edits
                 U realloc@@GLIBC_2.2.5
00000000000005b0 t register_tm_clones
0000000000202060 b string
0000000000202030 d __TMC_END__
0000000000202098 b too_expensive
