==> [application/x-java-archive]

     0 Sun Jun 21 20:48:56 MSK 2020 META-INF/
   136 Sun Jun 21 20:48:54 MSK 2020 META-INF/MANIFEST.MF
     0 Thu Jun 18 16:28:14 MSK 2020 coneforest/
     0 Thu Jun 18 16:28:14 MSK 2020 coneforest/jfstrcmp/
   547 Thu Jun 18 16:28:14 MSK 2020 coneforest/jfstrcmp/Similarity.class
  1701 Thu Jun 18 16:29:54 MSK 2020 coneforest/jfstrcmp/SimilarityTest.class
