==> [image/x-xwindowdump]

Image: ./image/x-xwindowdump/1.xwd
  Format: XWD (X Windows system window dump (color))
  Class: DirectClass
  Geometry: 65x65+0+0
  Units: Undefined
  Colorspace: sRGB
  Type: TrueColor
  Base type: Undefined
  Endianess: Undefined
  Depth: 8-bit
  Channel depth:
    Red: 8-bit
    Green: 8-bit
    Blue: 8-bit
  Channel statistics:
    Pixels: 4225
    Red:
      min: 0  (0)
      max: 226 (0.886275)
      mean: 21.7955 (0.0854726)
      standard deviation: 54.6176 (0.214187)
      kurtosis: 4.25491
      skewness: 2.42483
      entropy: 0.283588
    Green:
      min: 0  (0)
      max: 172 (0.67451)
      mean: 4.95053 (0.0194139)
      standard deviation: 18.1129 (0.0710312)
      kurtosis: 23.9969
      skewness: 4.69914
      entropy: 0.225396
    Blue:
      min: 0  (0)
      max: 213 (0.835294)
      mean: 25.7314 (0.100907)
      standard deviation: 48.4578 (0.190031)
      kurtosis: 0.998047
      skewness: 1.60678
      entropy: 0.362683
  Image statistics:
    Overall:
      min: 0  (0)
      max: 226 (0.886275)
      mean: 17.4925 (0.0685979)
      standard deviation: 40.3961 (0.158416)
      kurtosis: 5.83256
      skewness: 2.63065
      entropy: 0.290556
  Colors: 699
  Histogram:
      2794: (  0,  0,  0) #000000 black
         3: (  0,  0,  2) #000002 srgb(0,0,2)
         1: (  0,  0,  4) #000004 srgb(0,0,4)
         3: (  0,  0,  5) #000005 srgb(0,0,5)
         3: (  0,  0,  6) #000006 srgb(0,0,6)
         2: (  0,  0,  7) #000007 srgb(0,0,7)
         1: (  0,  0,  8) #000008 srgb(0,0,8)
         2: (  0,  0,  9) #000009 srgb(0,0,9)
         2: (  0,  0, 10) #00000A srgb(0,0,10)
         4: (  0,  0, 11) #00000B srgb(0,0,11)
         3: (  0,  0, 12) #00000C srgb(0,0,12)
         1: (  0,  0, 13) #00000D srgb(0,0,13)
         2: (  0,  0, 14) #00000E srgb(0,0,14)
         1: (  0,  0, 15) #00000F srgb(0,0,15)
         1: (  0,  0, 20) #000014 srgb(0,0,20)
         3: (  0,  0, 21) #000015 srgb(0,0,21)
         1: (  0,  0, 22) #000016 srgb(0,0,22)
         2: (  0,  0, 23) #000017 srgb(0,0,23)
         1: (  0,  0, 24) #000018 srgb(0,0,24)
         1: (  0,  0, 25) #000019 srgb(0,0,25)
         3: (  0,  0, 26) #00001A srgb(0,0,26)
         1: (  0,  0, 28) #00001C srgb(0,0,28)
         1: (  0,  0, 30) #00001E srgb(0,0,30)
         1: (  0,  0, 31) #00001F srgb(0,0,31)
         2: (  0,  0, 33) #000021 srgb(0,0,33)
         1: (  0,  0, 34) #000022 srgb(0,0,34)
         2: (  0,  0, 35) #000023 srgb(0,0,35)
         1: (  0,  0, 36) #000024 srgb(0,0,36)
         1: (  0,  0, 39) #000027 srgb(0,0,39)
         1: (  0,  0, 40) #000028 srgb(0,0,40)
         1: (  0,  0, 41) #000029 srgb(0,0,41)
         2: (  0,  0, 42) #00002A srgb(0,0,42)
         1: (  0,  0, 46) #00002E srgb(0,0,46)
         1: (  0,  0, 47) #00002F srgb(0,0,47)
         1: (  0,  0, 49) #000031 srgb(0,0,49)
         3: (  0,  0, 50) #000032 srgb(0,0,50)
         1: (  0,  0, 54) #000036 srgb(0,0,54)
         2: (  0,  0, 56) #000038 srgb(0,0,56)
         1: (  0,  0, 58) #00003A srgb(0,0,58)
         2: (  0,  0, 59) #00003B srgb(0,0,59)
         3: (  0,  0, 61) #00003D srgb(0,0,61)
         2: (  0,  0, 62) #00003E srgb(0,0,62)
         1: (  0,  0, 63) #00003F srgb(0,0,63)
         1: (  0,  0, 64) #000040 srgb(0,0,64)
         1: (  0,  0, 65) #000041 srgb(0,0,65)
         2: (  0,  0, 66) #000042 srgb(0,0,66)
         1: (  0,  0, 67) #000043 srgb(0,0,67)
         1: (  0,  0, 68) #000044 srgb(0,0,68)
         1: (  0,  0, 69) #000045 srgb(0,0,69)
         1: (  0,  0, 70) #000046 srgb(0,0,70)
         1: (  0,  0, 71) #000047 srgb(0,0,71)
         2: (  0,  0, 72) #000048 srgb(0,0,72)
         1: (  0,  0, 73) #000049 srgb(0,0,73)
         3: (  0,  0, 74) #00004A srgb(0,0,74)
         1: (  0,  0, 75) #00004B srgb(0,0,75)
         1: (  0,  0, 76) #00004C srgb(0,0,76)
         3: (  0,  0, 77) #00004D srgb(0,0,77)
         3: (  0,  0, 79) #00004F srgb(0,0,79)
         3: (  0,  0, 80) #000050 srgb(0,0,80)
         1: (  0,  0, 83) #000053 srgb(0,0,83)
         4: (  0,  0, 85) #000055 srgb(0,0,85)
         2: (  0,  0, 86) #000056 srgb(0,0,86)
         1: (  0,  0, 87) #000057 srgb(0,0,87)
         1: (  0,  0, 88) #000058 srgb(0,0,88)
         1: (  0,  0, 89) #000059 srgb(0,0,89)
         1: (  0,  0, 90) #00005A srgb(0,0,90)
         2: (  0,  0, 91) #00005B srgb(0,0,91)
         1: (  0,  0, 92) #00005C srgb(0,0,92)
         1: (  0,  0, 93) #00005D srgb(0,0,93)
         1: (  0,  0, 94) #00005E srgb(0,0,94)
         1: (  0,  0, 95) #00005F srgb(0,0,95)
         1: (  0,  0, 96) #000060 srgb(0,0,96)
         4: (  0,  0, 97) #000061 srgb(0,0,97)
         2: (  0,  0, 98) #000062 srgb(0,0,98)
         4: (  0,  0, 99) #000063 srgb(0,0,99)
         4: (  0,  0,100) #000064 srgb(0,0,100)
         5: (  0,  0,101) #000065 srgb(0,0,101)
         7: (  0,  0,102) #000066 srgb(0,0,102)
        13: (  0,  0,103) #000067 srgb(0,0,103)
         2: (  0,  0,104) #000068 srgb(0,0,104)
        14: (  0,  0,105) #000069 srgb(0,0,105)
         4: (  0,  0,106) #00006A srgb(0,0,106)
         4: (  0,  0,107) #00006B srgb(0,0,107)
         5: (  0,  0,108) #00006C srgb(0,0,108)
         3: (  0,  0,109) #00006D srgb(0,0,109)
         3: (  0,  0,110) #00006E srgb(0,0,110)
         2: (  0,  0,111) #00006F srgb(0,0,111)
         4: (  0,  0,112) #000070 srgb(0,0,112)
         5: (  0,  0,113) #000071 srgb(0,0,113)
         7: (  0,  0,114) #000072 srgb(0,0,114)
         7: (  0,  0,115) #000073 srgb(0,0,115)
         3: (  0,  0,116) #000074 srgb(0,0,116)
         8: (  0,  0,117) #000075 srgb(0,0,117)
        12: (  0,  0,118) #000076 srgb(0,0,118)
         6: (  0,  0,119) #000077 srgb(0,0,119)
         7: (  0,  0,120) #000078 srgb(0,0,120)
         7: (  0,  0,121) #000079 srgb(0,0,121)
         6: (  0,  0,122) #00007A srgb(0,0,122)
        13: (  0,  0,123) #00007B srgb(0,0,123)
         8: (  0,  0,124) #00007C srgb(0,0,124)
        14: (  0,  0,125) #00007D srgb(0,0,125)
        16: (  0,  0,126) #00007E srgb(0,0,126)
        22: (  0,  0,127) #00007F srgb(0,0,127)
       173: (  0,  0,128) #000080 navy
         1: (  1,  0, 82) #010052 srgb(1,0,82)
         1: (  1,  0,100) #010064 srgb(1,0,100)
         1: (  1,  1, 85) #010155 srgb(1,1,85)
         1: (  1,  1, 88) #010158 srgb(1,1,88)
         1: (  1,  1, 90) #01015A srgb(1,1,90)
         1: (  1,  1, 94) #01015E srgb(1,1,94)
         1: (  1,  1, 95) #01015F srgb(1,1,95)
         1: (  1,  1,100) #010164 srgb(1,1,100)
         1: (  1,  1,114) #010172 srgb(1,1,114)
         2: (  1,  1,119) #010177 srgb(1,1,119)
         1: (  1,  1,120) #010178 srgb(1,1,120)
         1: (  1,  1,123) #01017B srgb(1,1,123)
         4: (  1,  1,128) #010180 srgb(1,1,128)
         3: (  2,  0,  0) #020000 srgb(2,0,0)
         1: (  2,  0,121) #020079 srgb(2,0,121)
         1: (  2,  2,  8) #020208 srgb(2,2,8)
         1: (  2,  2, 10) #02020A srgb(2,2,10)
         2: (  2,  2, 12) #02020C srgb(2,2,12)
         1: (  2,  2, 33) #020221 srgb(2,2,33)
         1: (  2,  2, 35) #020223 srgb(2,2,35)
         1: (  2,  2, 37) #020225 srgb(2,2,37)
         1: (  2,  2, 38) #020226 srgb(2,2,38)
         1: (  2,  2, 40) #020228 srgb(2,2,40)
         1: (  2,  2, 43) #02022B srgb(2,2,43)
         1: (  2,  2, 52) #020234 srgb(2,2,52)
         1: (  2,  2, 57) #020239 srgb(2,2,57)
         1: (  2,  2, 60) #02023C srgb(2,2,60)
         2: (  2,  2, 69) #020245 srgb(2,2,69)
         1: (  2,  2, 74) #02024A srgb(2,2,74)
         1: (  2,  2, 87) #020257 srgb(2,2,87)
         1: (  2,  2, 94) #02025E srgb(2,2,94)
         1: (  2,  2,102) #020266 srgb(2,2,102)
         1: (  2,  2,106) #02026A srgb(2,2,106)
         1: (  2,  2,109) #02026D srgb(2,2,109)
         1: (  2,  2,110) #02026E srgb(2,2,110)
         1: (  2,  2,127) #02027F srgb(2,2,127)
         1: (  2,  2,128) #020280 srgb(2,2,128)
         4: (  2,  2,129) #020281 srgb(2,2,129)
         1: (  3,  3, 32) #030320 srgb(3,3,32)
         1: (  3,  3, 45) #03032D srgb(3,3,45)
         1: (  3,  3, 46) #03032E srgb(3,3,46)
         3: (  3,  3, 47) #03032F srgb(3,3,47)
         1: (  3,  3, 50) #030332 srgb(3,3,50)
         1: (  3,  3, 54) #030336 srgb(3,3,54)
         1: (  3,  3, 69) #030345 srgb(3,3,69)
         1: (  3,  3, 74) #03034A srgb(3,3,74)
         1: (  3,  3, 78) #03034E srgb(3,3,78)
         1: (  3,  3, 93) #03035D srgb(3,3,93)
         1: (  3,  3,102) #030366 srgb(3,3,102)
         1: (  3,  3,106) #03036A srgb(3,3,106)
         1: (  3,  3,108) #03036C srgb(3,3,108)
         1: (  3,  3,111) #03036F srgb(3,3,111)
         2: (  3,  3,116) #030374 srgb(3,3,116)
         1: (  3,  3,125) #03037D srgb(3,3,125)
         2: (  3,  3,129) #030381 srgb(3,3,129)
         1: (  4,  3,107) #04036B srgb(4,3,107)
         2: (  4,  4,  7) #040407 srgb(4,4,7)
         1: (  4,  4, 23) #040417 srgb(4,4,23)
         1: (  4,  4, 26) #04041A srgb(4,4,26)
         1: (  4,  4, 98) #040462 srgb(4,4,98)
         1: (  4,  4,110) #04046E srgb(4,4,110)
         1: (  4,  4,113) #040471 srgb(4,4,113)
         1: (  4,  4,114) #040472 srgb(4,4,114)
         1: (  4,  4,115) #040473 srgb(4,4,115)
         1: (  4,  4,117) #040475 srgb(4,4,117)
         2: (  4,  4,124) #04047C srgb(4,4,124)
         1: (  4,  4,127) #04047F srgb(4,4,127)
         1: (  4,  4,128) #040480 srgb(4,4,128)
         1: (  4,  4,129) #040481 srgb(4,4,129)
         5: (  4,  4,130) #040482 srgb(4,4,130)
         1: (  5,  5, 16) #050510 srgb(5,5,16)
         1: (  5,  5, 29) #05051D srgb(5,5,29)
         1: (  5,  5, 36) #050524 srgb(5,5,36)
         1: (  5,  5, 67) #050543 srgb(5,5,67)
         1: (  5,  5, 98) #050562 srgb(5,5,98)
         1: (  5,  5,107) #05056B srgb(5,5,107)
         1: (  5,  5,113) #050571 srgb(5,5,113)
         1: (  5,  5,117) #050575 srgb(5,5,117)
         1: (  5,  5,120) #050578 srgb(5,5,120)
         1: (  5,  5,122) #05057A srgb(5,5,122)
         2: (  5,  5,130) #050582 srgb(5,5,130)
         1: (  6,  0, 47) #06002F srgb(6,0,47)
         1: (  6,  0, 49) #060031 srgb(6,0,49)
         1: (  6,  6, 21) #060615 srgb(6,6,21)
         1: (  6,  6, 25) #060619 srgb(6,6,25)
         1: (  6,  6, 29) #06061D srgb(6,6,29)
         1: (  6,  6, 31) #06061F srgb(6,6,31)
         1: (  6,  6, 41) #060629 srgb(6,6,41)
         1: (  6,  6, 59) #06063B srgb(6,6,59)
         1: (  6,  6, 70) #060646 srgb(6,6,70)
         1: (  6,  6, 79) #06064F srgb(6,6,79)
         1: (  6,  6, 92) #06065C srgb(6,6,92)
         1: (  6,  6, 98) #060662 srgb(6,6,98)
         1: (  6,  6,102) #060666 srgb(6,6,102)
         1: (  6,  6,109) #06066D srgb(6,6,109)
         1: (  6,  6,115) #060673 srgb(6,6,115)
         1: (  6,  6,117) #060675 srgb(6,6,117)
         1: (  6,  6,128) #060680 srgb(6,6,128)
         1: (  7,  7, 17) #070711 srgb(7,7,17)
         1: (  7,  7, 19) #070713 srgb(7,7,19)
         1: (  7,  7, 26) #07071A srgb(7,7,26)
         1: (  7,  7, 47) #07072F srgb(7,7,47)
         1: (  7,  7, 56) #070738 srgb(7,7,56)
         1: (  7,  7, 87) #070757 srgb(7,7,87)
         1: (  7,  7,111) #07076F srgb(7,7,111)
         1: (  7,  7,119) #070777 srgb(7,7,119)
         1: (  7,  7,125) #07077D srgb(7,7,125)
         1: (  7,  7,130) #070782 srgb(7,7,130)
         2: (  7,  7,131) #070783 srgb(7,7,131)
         1: (  8,  8, 23) #080817 srgb(8,8,23)
         1: (  8,  8, 24) #080818 srgb(8,8,24)
         1: (  8,  8, 44) #08082C srgb(8,8,44)
         1: (  8,  8, 47) #08082F srgb(8,8,47)
         1: (  8,  8, 66) #080842 srgb(8,8,66)
         1: (  8,  8, 73) #080849 srgb(8,8,73)
         1: (  8,  8, 92) #08085C srgb(8,8,92)
         1: (  8,  8, 96) #080860 srgb(8,8,96)
         1: (  8,  8,111) #08086F srgb(8,8,111)
         1: (  8,  8,113) #080871 srgb(8,8,113)
         1: (  8,  8,127) #08087F srgb(8,8,127)
         1: (  8,  8,130) #080882 srgb(8,8,130)
         3: (  8,  8,132) #080884 srgb(8,8,132)
         1: (  9,  0,  0) #090000 srgb(9,0,0)
         1: (  9,  3, 95) #09035F srgb(9,3,95)
         1: (  9,  5,125) #09057D srgb(9,5,125)
         1: (  9,  9, 43) #09092B srgb(9,9,43)
         1: (  9,  9, 89) #090959 srgb(9,9,89)
         2: (  9,  9,118) #090976 srgb(9,9,118)
         1: (  9,  9,125) #09097D srgb(9,9,125)
         2: (  9,  9,132) #090984 srgb(9,9,132)
         1: ( 10,  0,  0) #0A0000 srgb(10,0,0)
         1: ( 10,  3, 90) #0A035A srgb(10,3,90)
         1: ( 10, 10, 23) #0A0A17 srgb(10,10,23)
         1: ( 10, 10, 30) #0A0A1E srgb(10,10,30)
         1: ( 10, 10, 56) #0A0A38 srgb(10,10,56)
         1: ( 10, 10, 80) #0A0A50 srgb(10,10,80)
         1: ( 10, 10, 89) #0A0A59 srgb(10,10,89)
         1: ( 10, 10, 95) #0A0A5F srgb(10,10,95)
         1: ( 10, 10,131) #0A0A83 srgb(10,10,131)
         1: ( 10, 10,132) #0A0A84 srgb(10,10,132)
         2: ( 10, 10,133) #0A0A85 srgb(10,10,133)
         2: ( 11,  0,  0) #0B0000 srgb(11,0,0)
         1: ( 11,  0, 37) #0B0025 srgb(11,0,37)
         1: ( 11,  5,119) #0B0577 srgb(11,5,119)
         1: ( 11,  6, 85) #0B0655 srgb(11,6,85)
         1: ( 11, 11, 30) #0B0B1E srgb(11,11,30)
         1: ( 11, 11, 35) #0B0B23 srgb(11,11,35)
         1: ( 11, 11, 41) #0B0B29 srgb(11,11,41)
         1: ( 11, 11, 47) #0B0B2F srgb(11,11,47)
         1: ( 11, 11, 52) #0B0B34 srgb(11,11,52)
         1: ( 11, 11, 79) #0B0B4F srgb(11,11,79)
         1: ( 11, 11, 82) #0B0B52 srgb(11,11,82)
         1: ( 11, 11, 99) #0B0B63 srgb(11,11,99)
         1: ( 11, 11,112) #0B0B70 srgb(11,11,112)
         1: ( 11, 11,126) #0B0B7E srgb(11,11,126)
         2: ( 11, 11,133) #0B0B85 srgb(11,11,133)
         1: ( 12, 12, 66) #0C0C42 srgb(12,12,66)
         1: ( 12, 12, 82) #0C0C52 srgb(12,12,82)
         1: ( 12, 12, 86) #0C0C56 srgb(12,12,86)
         1: ( 12, 12,108) #0C0C6C srgb(12,12,108)
         1: ( 12, 12,134) #0C0C86 srgb(12,12,134)
         2: ( 13,  0,  0) #0D0000 srgb(13,0,0)
         1: ( 13, 13, 36) #0D0D24 srgb(13,13,36)
         1: ( 13, 13, 38) #0D0D26 srgb(13,13,38)
         2: ( 13, 13, 40) #0D0D28 srgb(13,13,40)
         1: ( 13, 13, 66) #0D0D42 srgb(13,13,66)
         1: ( 13, 13, 69) #0D0D45 srgb(13,13,69)
         1: ( 13, 13, 73) #0D0D49 srgb(13,13,73)
         2: ( 13, 13, 77) #0D0D4D srgb(13,13,77)
         1: ( 13, 13, 82) #0D0D52 srgb(13,13,82)
         1: ( 13, 13, 94) #0D0D5E srgb(13,13,94)
         1: ( 13, 13,116) #0D0D74 srgb(13,13,116)
         1: ( 14,  0, 39) #0E0027 srgb(14,0,39)
         1: ( 14,  2,  2) #0E0202 srgb(14,2,2)
         1: ( 14, 12, 28) #0E0C1C srgb(14,12,28)
         2: ( 14, 14, 79) #0E0E4F srgb(14,14,79)
         1: ( 14, 14, 83) #0E0E53 srgb(14,14,83)
         1: ( 14, 14,104) #0E0E68 srgb(14,14,104)
         1: ( 14, 14,135) #0E0E87 srgb(14,14,135)
         1: ( 15, 13, 20) #0F0D14 srgb(15,13,20)
         1: ( 15, 15, 60) #0F0F3C srgb(15,15,60)
         1: ( 15, 15, 81) #0F0F51 srgb(15,15,81)
         1: ( 15, 15,116) #0F0F74 srgb(15,15,116)
         2: ( 15, 15,135) #0F0F87 srgb(15,15,135)
         1: ( 16,  2,  2) #100202 srgb(16,2,2)
         1: ( 16,  8,  8) #100808 srgb(16,8,8)
         1: ( 16, 16, 64) #101040 srgb(16,16,64)
         2: ( 16, 16,136) #101088 srgb(16,16,136)
         1: ( 17,  3,  3) #110303 srgb(17,3,3)
         1: ( 17, 17, 78) #11114E srgb(17,17,78)
         1: ( 17, 17,129) #111181 srgb(17,17,129)
         3: ( 17, 17,136) #111188 srgb(17,17,136)
         2: ( 18,  0,  0) #120000 srgb(18,0,0)
         1: ( 18,  6,  6) #120606 srgb(18,6,6)
         1: ( 18, 15, 91) #120F5B srgb(18,15,91)
         1: ( 19,  3,  3) #130303 srgb(19,3,3)
         1: ( 19,  5, 15) #13050F srgb(19,5,15)
         1: ( 19, 19, 71) #131347 srgb(19,19,71)
         1: ( 19, 19,123) #13137B srgb(19,19,123)
         2: ( 20,  0,  0) #140000 srgb(20,0,0)
         1: ( 20, 20, 33) #141421 srgb(20,20,33)
         1: ( 20, 20, 69) #141445 srgb(20,20,69)
         1: ( 20, 20, 71) #141447 srgb(20,20,71)
         1: ( 20, 20, 73) #141449 srgb(20,20,73)
         1: ( 20, 20, 75) #14144B srgb(20,20,75)
         1: ( 20, 20,138) #14148A srgb(20,20,138)
         4: ( 21,  0,  0) #150000 srgb(21,0,0)
         1: ( 21,  3, 87) #150357 srgb(21,3,87)
         1: ( 21, 21, 47) #15152F srgb(21,21,47)
         1: ( 21, 21, 55) #151537 srgb(21,21,55)
         1: ( 21, 21, 69) #151545 srgb(21,21,69)
         3: ( 21, 21, 75) #15154B srgb(21,21,75)
         1: ( 21, 21, 94) #15155E srgb(21,21,94)
         1: ( 21, 21,135) #151587 srgb(21,21,135)
         2: ( 21, 21,138) #15158A srgb(21,21,138)
         3: ( 22,  0,  0) #160000 srgb(22,0,0)
         1: ( 22, 22, 68) #161644 srgb(22,22,68)
         1: ( 22, 22, 77) #16164D srgb(22,22,77)
         1: ( 22, 22,138) #16168A srgb(22,22,138)
         1: ( 22, 22,139) #16168B srgb(22,22,139)
         1: ( 24, 24, 48) #181830 srgb(24,24,48)
         1: ( 24, 24, 78) #18184E srgb(24,24,78)
         1: ( 24, 24,113) #181871 srgb(24,24,113)
         1: ( 25,  0,  0) #190000 srgb(25,0,0)
         1: ( 25, 25, 73) #191949 srgb(25,25,73)
         1: ( 25, 25,109) #19196D srgb(25,25,109)
         1: ( 25, 25,118) #191976 srgb(25,25,118)
         1: ( 25, 25,140) #19198C srgb(25,25,140)
         1: ( 26,  6,108) #1A066C srgb(26,6,108)
         1: ( 26, 26, 85) #1A1A55 srgb(26,26,85)
         1: ( 27, 27, 74) #1B1B4A srgb(27,27,74)
         1: ( 27, 27, 81) #1B1B51 srgb(27,27,81)
         1: ( 27, 27,105) #1B1B69 srgb(27,27,105)
         1: ( 27, 27,141) #1B1B8D srgb(27,27,141)
         1: ( 28,  0, 64) #1C0040 srgb(28,0,64)
         1: ( 28, 28, 80) #1C1C50 srgb(28,28,80)
         1: ( 28, 28,123) #1C1C7B srgb(28,28,123)
         1: ( 28, 28,142) #1C1C8E srgb(28,28,142)
         1: ( 29,  0,  0) #1D0000 srgb(29,0,0)
         1: ( 29,  2, 67) #1D0243 srgb(29,2,67)
         1: ( 30,  6,  6) #1E0606 srgb(30,6,6)
         1: ( 30, 30, 84) #1E1E54 srgb(30,30,84)
         1: ( 30, 30,100) #1E1E64 srgb(30,30,100)
         1: ( 31, 31, 76) #1F1F4C srgb(31,31,76)
         1: ( 32, 32, 78) #20204E srgb(32,32,78)
         1: ( 32, 32, 81) #202051 srgb(32,32,81)
         1: ( 33,  0,  0) #210000 srgb(33,0,0)
         2: ( 33, 33,144) #212190 srgb(33,33,144)
         1: ( 34,  0,  0) #220000 srgb(34,0,0)
         1: ( 34,  4, 97) #220461 srgb(34,4,97)
         1: ( 34, 34,145) #222291 srgb(34,34,145)
         1: ( 35,  4, 83) #230453 srgb(35,4,83)
         1: ( 35, 11,111) #230B6F srgb(35,11,111)
         1: ( 35, 35, 82) #232352 srgb(35,35,82)
         2: ( 35, 35,145) #232391 srgb(35,35,145)
         1: ( 36,  0,  0) #240000 srgb(36,0,0)
         1: ( 36,  0, 62) #24003E srgb(36,0,62)
         1: ( 36, 36, 55) #242437 srgb(36,36,55)
         1: ( 36, 36, 81) #242451 srgb(36,36,81)
         1: ( 36, 36,139) #24248B srgb(36,36,139)
         1: ( 36, 36,146) #242492 srgb(36,36,146)
         1: ( 37, 37,106) #25256A srgb(37,37,106)
         1: ( 37, 37,133) #252585 srgb(37,37,133)
         1: ( 37, 37,134) #252586 srgb(37,37,134)
         2: ( 37, 37,146) #252592 srgb(37,37,146)
         1: ( 38,  3, 49) #260331 srgb(38,3,49)
         1: ( 38, 38,147) #262693 srgb(38,38,147)
         1: ( 39, 39,110) #27276E srgb(39,39,110)
         1: ( 39, 39,146) #272792 srgb(39,39,146)
         2: ( 39, 39,147) #272793 srgb(39,39,147)
         1: ( 41,  0,  0) #290000 srgb(41,0,0)
         1: ( 41, 41, 77) #29294D srgb(41,41,77)
         1: ( 41, 41, 87) #292957 srgb(41,41,87)
         1: ( 41, 41, 92) #29295C srgb(41,41,92)
         1: ( 41, 41,145) #292991 srgb(41,41,145)
         1: ( 41, 41,146) #292992 srgb(41,41,146)
         3: ( 41, 41,148) #292994 srgb(41,41,148)
         1: ( 42, 19, 19) #2A1313 srgb(42,19,19)
         1: ( 42, 42, 85) #2A2A55 srgb(42,42,85)
         1: ( 42, 42,144) #2A2A90 srgb(42,42,144)
         2: ( 42, 42,149) #2A2A95 srgb(42,42,149)
         1: ( 43,  0,  0) #2B0000 srgb(43,0,0)
         1: ( 43,  9,  9) #2B0909 srgb(43,9,9)
         1: ( 43, 20, 48) #2B1430 srgb(43,20,48)
         1: ( 43, 43,148) #2B2B94 srgb(43,43,148)
         1: ( 44, 44,148) #2C2C94 srgb(44,44,148)
         1: ( 44, 44,150) #2C2C96 srgb(44,44,150)
         1: ( 45,  0, 13) #2D000D srgb(45,0,13)
         1: ( 45, 39,108) #2D276C srgb(45,39,108)
         2: ( 45, 45,150) #2D2D96 srgb(45,45,150)
         1: ( 46, 46,127) #2E2E7F srgb(46,46,127)
         1: ( 46, 46,151) #2E2E97 srgb(46,46,151)
         1: ( 49, 15, 15) #310F0F srgb(49,15,15)
         1: ( 49, 49,144) #313190 srgb(49,49,144)
         2: ( 49, 49,152) #313198 srgb(49,49,152)
         1: ( 50,  0,  0) #320000 srgb(50,0,0)
         1: ( 50,  4, 83) #320453 srgb(50,4,83)
         1: ( 50,  7,  9) #320709 srgb(50,7,9)
         1: ( 50, 39, 97) #322761 srgb(50,39,97)
         1: ( 50, 50,129) #323281 srgb(50,50,129)
         1: ( 51, 51,101) #333365 srgb(51,51,101)
         1: ( 51, 51,147) #333393 srgb(51,51,147)
         1: ( 52, 52, 99) #343463 srgb(52,52,99)
         1: ( 52, 52,142) #34348E srgb(52,52,142)
         1: ( 52, 52,154) #34349A srgb(52,52,154)
         1: ( 53, 53,120) #353578 srgb(53,53,120)
         1: ( 53, 53,150) #353596 srgb(53,53,150)
         1: ( 54, 54,155) #36369B srgb(54,54,155)
         1: ( 55, 30, 30) #371E1E srgb(55,30,30)
         1: ( 55, 48,124) #37307C srgb(55,48,124)
         1: ( 55, 55,126) #37377E srgb(55,55,126)
         1: ( 55, 55,150) #373796 srgb(55,55,150)
         1: ( 56,  0,  0) #380000 srgb(56,0,0)
         1: ( 56, 56, 92) #38385C srgb(56,56,92)
         1: ( 56, 56,139) #38388B srgb(56,56,139)
         1: ( 56, 56,146) #383892 srgb(56,56,146)
         2: ( 56, 56,156) #38389C srgb(56,56,156)
         1: ( 57, 57,102) #393966 srgb(57,57,102)
         1: ( 57, 57,155) #39399B srgb(57,57,155)
         1: ( 57, 57,156) #39399C srgb(57,57,156)
         1: ( 58,  0,  0) #3A0000 srgb(58,0,0)
         1: ( 58,  4,  4) #3A0404 srgb(58,4,4)
         1: ( 58,  6, 72) #3A0648 srgb(58,6,72)
         2: ( 58, 58,157) #3A3A9D srgb(58,58,157)
         1: ( 60, 13, 13) #3C0D0D srgb(60,13,13)
         1: ( 60, 60,153) #3C3C99 srgb(60,60,153)
         1: ( 60, 60,158) #3C3C9E srgb(60,60,158)
         1: ( 61,  0,  0) #3D0000 srgb(61,0,0)
         1: ( 61,  4,  4) #3D0404 srgb(61,4,4)
         1: ( 61, 61,104) #3D3D68 srgb(61,61,104)
         1: ( 62,  2,  2) #3E0202 srgb(62,2,2)
         1: ( 62, 62,154) #3E3E9A srgb(62,62,154)
         1: ( 63,  0,  3) #3F0003 srgb(63,0,3)
         1: ( 63, 63,151) #3F3F97 srgb(63,63,151)
         2: ( 63, 63,159) #3F3F9F srgb(63,63,159)
         1: ( 64, 64,149) #404095 srgb(64,64,149)
         1: ( 65, 65,160) #4141A0 srgb(65,65,160)
         1: ( 66,  5, 50) #420532 srgb(66,5,50)
         1: ( 66, 28,107) #421C6B srgb(66,28,107)
         1: ( 66, 66,160) #4242A0 srgb(66,66,160)
         1: ( 67, 67,113) #434371 srgb(67,67,113)
         1: ( 67, 67,149) #434395 srgb(67,67,149)
         2: ( 67, 67,161) #4343A1 srgb(67,67,161)
         2: ( 68, 68,162) #4444A2 srgb(68,68,162)
         1: ( 69, 69,162) #4545A2 srgb(69,69,162)
         1: ( 70,  2, 65) #460241 srgb(70,2,65)
         1: ( 70, 70,160) #4646A0 srgb(70,70,160)
         3: ( 70, 70,163) #4646A3 srgb(70,70,163)
         1: ( 71,  0,  0) #470000 srgb(71,0,0)
         1: ( 71, 13, 82) #470D52 srgb(71,13,82)
         1: ( 71, 71,163) #4747A3 srgb(71,71,163)
         1: ( 72, 22, 70) #481646 srgb(72,22,70)
         1: ( 72, 72,161) #4848A1 srgb(72,72,161)
         1: ( 73, 73,146) #494992 srgb(73,73,146)
         3: ( 73, 73,164) #4949A4 srgb(73,73,164)
         1: ( 74,  0,  0) #4A0000 srgb(74,0,0)
         1: ( 74, 74,115) #4A4A73 srgb(74,74,115)
         1: ( 74, 74,163) #4A4AA3 srgb(74,74,163)
         3: ( 74, 74,165) #4A4AA5 srgb(74,74,165)
         1: ( 75, 15, 83) #4B0F53 srgb(75,15,83)
         1: ( 76,  6, 61) #4C063D srgb(76,6,61)
         1: ( 76,  6, 69) #4C0645 srgb(76,6,69)
         1: ( 76, 76,112) #4C4C70 srgb(76,76,112)
         1: ( 76, 76,116) #4C4C74 srgb(76,76,116)
         2: ( 76, 76,166) #4C4CA6 srgb(76,76,166)
         1: ( 77, 77,111) #4D4D6F srgb(77,77,111)
         1: ( 77, 77,134) #4D4D86 srgb(77,77,134)
         1: ( 77, 77,145) #4D4D91 srgb(77,77,145)
         1: ( 78, 78,167) #4E4EA7 srgb(78,78,167)
         1: ( 80,  0,  0) #500000 srgb(80,0,0)
         1: ( 81, 81,160) #5151A0 srgb(81,81,160)
         1: ( 82,  4, 20) #520414 srgb(82,4,20)
         1: ( 82, 82,151) #525297 srgb(82,82,151)
         1: ( 83, 83,169) #5353A9 srgb(83,83,169)
         1: ( 85,  4,  4) #550404 srgb(85,4,4)
         1: ( 85, 85,159) #55559F srgb(85,85,159)
         1: ( 86,  2,  2) #560202 srgb(86,2,2)
         1: ( 86, 86,131) #565683 srgb(86,86,131)
         1: ( 87, 17, 65) #571141 srgb(87,17,65)
         1: ( 87, 87,151) #575797 srgb(87,87,151)
         1: ( 88,  0,  0) #580000 srgb(88,0,0)
         1: ( 88, 88,172) #5858AC srgb(88,88,172)
         1: ( 89, 89,153) #595999 srgb(89,89,153)
         1: ( 90,  2, 23) #5A0217 srgb(90,2,23)
         1: ( 91, 91,131) #5B5B83 srgb(91,91,131)
         1: ( 94,  0,  0) #5E0000 srgb(94,0,0)
         1: ( 95,  3, 23) #5F0317 srgb(95,3,23)
         1: ( 96, 25, 63) #60193F srgb(96,25,63)
         1: ( 96, 96,166) #6060A6 srgb(96,96,166)
         1: ( 96, 96,176) #6060B0 srgb(96,96,176)
         1: ( 97, 97,165) #6161A5 srgb(97,97,165)
         1: ( 97, 97,167) #6161A7 srgb(97,97,167)
         1: ( 98, 98,136) #626288 srgb(98,98,136)
         1: ( 99,  0,  0) #630000 srgb(99,0,0)
         1: ( 99,  5, 43) #63052B srgb(99,5,43)
         1: (100, 31, 70) #641F46 srgb(100,31,70)
         1: (101,101,153) #656599 srgb(101,101,153)
         2: (101,101,175) #6565AF srgb(101,101,175)
         1: (101,101,178) #6565B2 srgb(101,101,178)
         1: (102, 15, 15) #660F0F srgb(102,15,15)
         1: (102,102,155) #66669B srgb(102,102,155)
         1: (102,102,177) #6666B1 srgb(102,102,177)
         1: (103,  0,  0) #670000 srgb(103,0,0)
         1: (103,  1,  1) #670101 srgb(103,1,1)
         1: (103,  1, 32) #670120 srgb(103,1,32)
         1: (103,103,179) #6767B3 srgb(103,103,179)
         1: (104,104,179) #6868B3 srgb(104,104,179)
         1: (105, 24, 56) #691838 srgb(105,24,56)
         1: (106,  5, 26) #6A051A srgb(106,5,26)
         1: (107,107,181) #6B6BB5 srgb(107,107,181)
         1: (108, 56, 96) #6C3860 srgb(108,56,96)
         2: (108,108,182) #6C6CB6 srgb(108,108,182)
         2: (109,109,182) #6D6DB6 srgb(109,109,182)
         1: (110, 39, 68) #6E2744 srgb(110,39,68)
         1: (110, 49, 75) #6E314B srgb(110,49,75)
         1: (111, 24, 24) #6F1818 srgb(111,24,24)
         1: (111, 53, 92) #6F355C srgb(111,53,92)
         1: (112,112,184) #7070B8 srgb(112,112,184)
         1: (113,113,172) #7171AC srgb(113,113,172)
         1: (114,  0,  0) #720000 srgb(114,0,0)
         1: (114,114,178) #7272B2 srgb(114,114,178)
         1: (116,  2, 38) #740226 srgb(116,2,38)
         1: (117,  0,  0) #750000 srgb(117,0,0)
         1: (117,  3,  3) #750303 srgb(117,3,3)
         1: (117,  4, 34) #750422 srgb(117,4,34)
         1: (117,117,186) #7575BA srgb(117,117,186)
         1: (118,118,187) #7676BB srgb(118,118,187)
         1: (121,  0, 22) #790016 srgb(121,0,22)
         1: (121,  5,  5) #790505 srgb(121,5,5)
         1: (121,121,183) #7979B7 srgb(121,121,183)
         1: (122, 50, 50) #7A3232 srgb(122,50,50)
         1: (123,  0,  0) #7B0000 srgb(123,0,0)
         1: (123,123,189) #7B7BBD srgb(123,123,189)
         1: (124,124,188) #7C7CBC srgb(124,124,188)
         1: (124,124,190) #7C7CBE srgb(124,124,190)
         1: (125,  2,  8) #7D0208 srgb(125,2,8)
         1: (126,  8, 24) #7E0818 srgb(126,8,24)
         1: (128,  5,  5) #800505 srgb(128,5,5)
         1: (128, 15, 27) #800F1B srgb(128,15,27)
         1: (128, 33, 33) #802121 srgb(128,33,33)
         1: (130,  3,  3) #820303 srgb(130,3,3)
         1: (130,  5,  5) #820505 srgb(130,5,5)
         1: (131,  0, 11) #83000B srgb(131,0,11)
         1: (131,  2, 11) #83020B srgb(131,2,11)
         1: (131, 36, 36) #832424 srgb(131,36,36)
         1: (134,  2, 26) #86021A srgb(134,2,26)
         1: (135,  0,  0) #870000 srgb(135,0,0)
         1: (135,135,195) #8787C3 srgb(135,135,195)
         1: (137,  6,  6) #890606 srgb(137,6,6)
         1: (140,  0,  6) #8C0006 srgb(140,0,6)
         1: (140, 34, 63) #8C223F srgb(140,34,63)
         1: (141,  1, 21) #8D0115 srgb(141,1,21)
         1: (141,141,196) #8D8DC4 srgb(141,141,196)
         1: (142,  5, 10) #8E050A srgb(142,5,10)
         2: (143,  7,  7) #8F0707 srgb(143,7,7)
         1: (143, 10, 33) #8F0A21 srgb(143,10,33)
         2: (144,  0, 16) #900010 srgb(144,0,16)
         2: (145,  1, 17) #910111 srgb(145,1,17)
         2: (145,  1, 19) #910113 srgb(145,1,19)
         1: (145,  2, 20) #910214 srgb(145,2,20)
         1: (147,  1,  4) #930104 srgb(147,1,4)
         1: (147,  3, 20) #930314 srgb(147,3,20)
         1: (150,  0,  0) #960000 srgb(150,0,0)
         1: (150,  8, 21) #960815 srgb(150,8,21)
         1: (151,  1, 15) #97010F srgb(151,1,15)
         1: (152, 10, 10) #980A0A srgb(152,10,10)
         1: (153, 11, 28) #990B1C srgb(153,11,28)
         1: (154,  5, 21) #9A0515 srgb(154,5,21)
         1: (155,  8, 21) #9B0815 srgb(155,8,21)
         1: (156, 10, 10) #9C0A0A srgb(156,10,10)
         1: (158,  0,  2) #9E0002 srgb(158,0,2)
         1: (158,  9, 21) #9E0915 srgb(158,9,21)
         1: (159, 49, 64) #9F3140 srgb(159,49,64)
         2: (160,  0,  0) #A00000 srgb(160,0,0)
         1: (161,  0,  0) #A10000 srgb(161,0,0)
         1: (161,  0,  5) #A10005 srgb(161,0,5)
         1: (161,  8, 13) #A1080D srgb(161,8,13)
         1: (162,  0,  0) #A20000 srgb(162,0,0)
         1: (162,  4, 12) #A2040C srgb(162,4,12)
         1: (163,  0,  0) #A30000 srgb(163,0,0)
         1: (164,  0,  7) #A40007 srgb(164,0,7)
         1: (164,  0,  9) #A40009 srgb(164,0,9)
        19: (165,  0,  0) #A50000 srgb(165,0,0)
         1: (165, 26, 26) #A51A1A srgb(165,26,26)
         1: (166,  0,  0) #A60000 srgb(166,0,0)
         1: (166, 14, 14) #A60E0E srgb(166,14,14)
         2: (167,  0,  0) #A70000 srgb(167,0,0)
         1: (167,  4,  4) #A70404 srgb(167,4,4)
         2: (168,  0,  0) #A80000 srgb(168,0,0)
         1: (168,  0,  4) #A80004 srgb(168,0,4)
         1: (168,  7,  7) #A80707 srgb(168,7,7)
         1: (169,  0,  0) #A90000 srgb(169,0,0)
         1: (169, 18, 21) #A91215 srgb(169,18,21)
         1: (169, 22, 24) #A91618 srgb(169,22,24)
         2: (170,  0,  0) #AA0000 srgb(170,0,0)
         1: (170, 21, 21) #AA1515 srgb(170,21,21)
         2: (171,  0,  0) #AB0000 srgb(171,0,0)
         1: (171,  2,  2) #AB0202 srgb(171,2,2)
         1: (171,171,213) #ABABD5 srgb(171,171,213)
         1: (172,  0,  0) #AC0000 srgb(172,0,0)
         1: (172,  1,  4) #AC0104 srgb(172,1,4)
         1: (173,  0,  0) #AD0000 srgb(173,0,0)
         1: (173,  2,  2) #AD0202 srgb(173,2,2)
         1: (174,  0,  0) #AE0000 srgb(174,0,0)
         1: (174,  0,  2) #AE0002 srgb(174,0,2)
         1: (174, 18, 18) #AE1212 srgb(174,18,18)
         1: (175,  0,  1) #AF0001 srgb(175,0,1)
         1: (176,  0,  0) #B00000 srgb(176,0,0)
         3: (177,  0,  0) #B10000 srgb(177,0,0)
         4: (179,  0,  0) #B30000 srgb(179,0,0)
         1: (179, 28, 28) #B31C1C srgb(179,28,28)
       156: (180,  0,  0) #B40000 srgb(180,0,0)
         6: (180,  1,  1) #B40101 srgb(180,1,1)
         1: (180,  2,  2) #B40202 srgb(180,2,2)
         4: (181,  2,  2) #B50202 srgb(181,2,2)
         3: (181,  3,  3) #B50303 srgb(181,3,3)
         2: (181,  4,  4) #B50404 srgb(181,4,4)
         1: (181,  5,  5) #B50505 srgb(181,5,5)
         1: (181, 12, 12) #B50C0C srgb(181,12,12)
         1: (181, 19, 19) #B51313 srgb(181,19,19)
         1: (181, 24, 25) #B51819 srgb(181,24,25)
         3: (182,  6,  6) #B60606 srgb(182,6,6)
         1: (182,  7,  7) #B60707 srgb(182,7,7)
         1: (183,  9,  9) #B70909 srgb(183,9,9)
         3: (183, 10, 10) #B70A0A srgb(183,10,10)
        21: (184, 12, 12) #B80C0C srgb(184,12,12)
         1: (184, 13, 13) #B80D0D srgb(184,13,13)
         2: (184, 14, 14) #B80E0E srgb(184,14,14)
         2: (184, 15, 15) #B80F0F srgb(184,15,15)
         1: (184, 24, 24) #B81818 srgb(184,24,24)
         2: (185, 16, 16) #B91010 srgb(185,16,16)
         1: (185, 17, 17) #B91111 srgb(185,17,17)
         1: (185, 18, 18) #B91212 srgb(185,18,18)
         1: (185,127,127) #B97F7F srgb(185,127,127)
         2: (186, 19, 19) #BA1313 srgb(186,19,19)
         1: (186, 22, 22) #BA1616 srgb(186,22,22)
         1: (186, 28, 28) #BA1C1C srgb(186,28,28)
         2: (187, 24, 24) #BB1818 srgb(187,24,24)
         2: (187, 25, 25) #BB1919 srgb(187,25,25)
         1: (187, 30, 30) #BB1E1E srgb(187,30,30)
         1: (187, 51, 51) #BB3333 srgb(187,51,51)
         1: (188, 28, 28) #BC1C1C srgb(188,28,28)
         1: (188, 31, 31) #BC1F1F srgb(188,31,31)
         1: (189, 29, 29) #BD1D1D srgb(189,29,29)
         1: (189, 30, 30) #BD1E1E srgb(189,30,30)
         2: (190, 33, 33) #BE2121 srgb(190,33,33)
         1: (190, 35, 35) #BE2323 srgb(190,35,35)
         1: (191, 36, 36) #BF2424 srgb(191,36,36)
         1: (191, 38, 38) #BF2626 srgb(191,38,38)
         1: (192, 40, 40) #C02828 srgb(192,40,40)
         1: (192, 41, 41) #C02929 srgb(192,41,41)
         1: (192, 74, 74) #C04A4A srgb(192,74,74)
         1: (193, 45, 45) #C12D2D srgb(193,45,45)
         1: (193, 57, 57) #C13939 srgb(193,57,57)
         2: (194, 48, 48) #C23030 srgb(194,48,48)
         1: (194, 49, 49) #C23131 srgb(194,49,49)
         1: (195, 52, 52) #C33434 srgb(195,52,52)
         1: (195, 84, 84) #C35454 srgb(195,84,84)
         1: (196, 53, 53) #C43535 srgb(196,53,53)
         2: (196, 54, 54) #C43636 srgb(196,54,54)
         4: (196, 56, 56) #C43838 srgb(196,56,56)
         2: (197, 57, 57) #C53939 srgb(197,57,57)
         1: (198, 60, 60) #C63C3C srgb(198,60,60)
         1: (198, 61, 61) #C63D3D srgb(198,61,61)
         2: (198, 62, 62) #C63E3E srgb(198,62,62)
         1: (199, 66, 66) #C74242 srgb(199,66,66)
         3: (200, 69, 69) #C84545 srgb(200,69,69)
         1: (200,105,105) #C86969 srgb(200,105,105)
         3: (201, 71, 71) #C94747 srgb(201,71,71)
         1: (201, 72, 72) #C94848 srgb(201,72,72)
         1: (201, 93, 93) #C95D5D srgb(201,93,93)
         1: (202, 74, 74) #CA4A4A srgb(202,74,74)
         1: (203, 78, 78) #CB4E4E srgb(203,78,78)
         1: (203, 79, 79) #CB4F4F srgb(203,79,79)
         2: (204, 80, 80) #CC5050 srgb(204,80,80)
         2: (204, 81, 81) #CC5151 srgb(204,81,81)
         2: (204, 82, 82) #CC5252 srgb(204,82,82)
         1: (204,114,114) #CC7272 srgb(204,114,114)
         1: (204,117,119) #CC7577 srgb(204,117,119)
         3: (205, 84, 84) #CD5454 srgb(205,84,84)
         1: (205, 86, 86) #CD5656 srgb(205,86,86)
         1: (205,111,111) #CD6F6F srgb(205,111,111)
         1: (205,118,118) #CD7676 srgb(205,118,118)
         1: (205,118,119) #CD7677 srgb(205,118,119)
         2: (206,119,119) #CE7777 srgb(206,119,119)
         1: (206,119,120) #CE7778 srgb(206,119,120)
         3: (207,119,119) #CF7777 srgb(207,119,119)
         1: (208,117,117) #D07575 srgb(208,117,117)
         7: (208,120,120) #D07878 srgb(208,120,120)
         1: (210,124,124) #D27C7C srgb(210,124,124)
         1: (210,128,128) #D28080 srgb(210,128,128)
         1: (211,107,107) #D36B6B srgb(211,107,107)
         1: (212,132,132) #D48484 srgb(212,132,132)
         1: (219,153,153) #DB9999 srgb(219,153,153)
         1: (226,172,172) #E2ACAC srgb(226,172,172)
  Rendering intent: Perceptual
  Gamma: 0.454545
  Chromaticity:
    red primary: (0.64,0.33)
    green primary: (0.3,0.6)
    blue primary: (0.15,0.06)
    white point: (0.3127,0.329)
  Matte color: grey74
  Background color: white
  Border color: srgb(223,223,223)
  Transparent color: none
  Interlace: None
  Intensity: Undefined
  Compose: Over
  Page geometry: 65x65+0+0
  Dispose: Undefined
  Iterations: 0
  Compression: Undefined
  Orientation: Undefined
  Properties:
    comment: 
    date:create: 2020-06-27T13:20:18+03:00
    date:modify: 2020-06-27T13:18:00+03:00
    signature: f03e2bec973e9385a3e3a1af5b6a7bb9ef7b0de797fcd9af2d0da78b70ac63d4
  Artifacts:
    verbose: true
  Tainted: False
  Filesize: 12841B
  Number pixels: 4225
  User time: 0.000u
  Elapsed time: 0:01.000
  Version: ImageMagick 7.0.7-34 Q16 x86_64 20180520 https://www.imagemagick.org
