==> [application/x-ms-dos-executable]
Copyright 1991 by Symantec Corpo
ration
#~J5(
q=V+
v(S\qrS?u
wz(E
YulM
P`2P
p,*t
'"^`
-u--u&>
^a+3}P
$a p
R7QL
^6@6UH
'6{i
6_(2	qWK
]-%-
D=Dt
]a~4~
Hp+A
]< t
Rx'0.
bmbK
09/Y/
B	{&
6e[CLLJ
D(*5j
"VB#
H	&	
PvH'
|'hHx
PG`G
Y!@n
)g+7
[N#c
'*zQ
SwSpR
(A(!
# #.	
IRIrNV
y&uaN
l`4e
i66a
v+Wf^
y&yn
s9&v
t@'!
	zBF
RKq+
:u8C
]t9AD(
X'H[
S*	D
:=E"
 7W 
Pvu/
u].M
7^j9
?YwF
Z)tX0g
SQRUu
DPVW
r%P}B
$%R%U
Z2&2
[+PC^
t8>O
Go&?
4s\[
vPRU
1n~ 
IIP*!2
PQRW
Ode$b
8>!F
W@@B
EWV*
JduR#
F`i@
S<zt5
(lIu-Uz
*vtP
<;<r
(l4}F
i`_m
yP-u!
WDdMKv
PM%Y
6(2Q
'TZ:
Bu=I
u	,N
A:n$
F55e
*/$(
_9feF
R'Z*
fr1=
Cio>
\La2
P5(5b
BiwV
Ou*E
#:>i@^
HdP*
Fti(
l%l0i@
@=|v
Brk,
W!{0
-	g*
Y# S
;z> w
\u![
w9H}>
8$t3
9fuS
L%pV
9IRz
u{_.
$iW6
d*RF
+'<3~8
This
 program will no
t run 
der DOS	
 1.x
	0m[
a1;80f
_$vflag
Batc
h Enhanc
New comm
ds to e  
Sb.files.
BE& [p
+aMetEs]
/DEBUG]
GOTO
zbel
h@e:
INTCHAR
WCOL
LAY	
bSHIFTSTAT
EXITb
T|GGEz
KD?BG
$1}MO
Dis#
play thewR
Dof a
D"6w
@+)S
L	 in/
rt executuion
>[For m
{lpU-U
E!i4cQ
 [swi
)es]
[/E!
hS-&/
n/18
.F.So
~$&2f
quencyI
0%R%
vW!Wa
 bet/
we<#sa
o!ex.
*follo
[ON`_zck
ic~r
@TBri
Bl%k
Rev)
W(n|)ag
luev
M7 /N
4Jlea+
_}(.
>A'F
]Q7kE 
chpco
p lef6
m b,M[S?GL!|
 `4"
key-list#B~
FAULT=
TIMEa
ZOOMF
cks (1
 = 1<X
 [/VERIF6pY
(SR4"x[
+Ll0
[,	2Z
"%s"c
(qSuc|@
+ issu
directl
<S %W
lyQp
 80$
/e"ngk
. Tr
)Err
	op,J%
%VM':
NaMA
RfRStUN
ribY
.SYS elem
B%s1,*
+@N9
px|~xL
?_ow{}
~yM-
SKIPH
I;ALTKEY
n drivf7
evVf
Hard X
UnkMP
T:l#T
ta e
K-$G
;papy*
faulp$NR
HERC
?G0e
KiloBy
Insh
s OfDK
[]x ()
|xp`@
4~*%
y,f1
@ (4
,.-:,
paused;
any 
J5?9
YyNn2.ed
& UU
i36.0
n)opy
1991 ba
#1	#2-$
4#1#-
War+
%3a_%
wish
K"3#
nvi[n4
[.uM
 W)ow
Desq"
u~he
COMPAQ
X[YZ9
Jt>s
JtZs
