==> [application/x-archive]

rw-r--r-- 399/399   3688 Jun  8 23:12 2020 main.o
rw-r--r-- 399/399   5648 Jun  8 23:12 2020 yyerror.o
