==> [application/vnd.rar]


Archive: ./application/vnd.rar/1.rar
Details: RAR 5

 Attributes      Size    Packed Ratio    Date    Time   Checksum  Name
----------- ---------  -------- ----- ---------- -----  --------  ----
 -rw-r--r--        30        30 100%  2020-06-20 14:37  1B9BD1EE  test/test1.xml
 -rw-r--r--        31        31 100%  2020-06-20 14:37  757E523D  test/test2.xml
 drwxr-xr-x         0         0   0%  2020-06-20 14:38  00000000  test
----------- ---------  -------- ----- ---------- -----  --------  ----
                   61        61 100%                              3

