==> [inode/directory]

итого 0
drwxr-xr-x 2 tz users 6 июн 21 10:13 test1
-rw-r--r-- 1 tz users 0 июн 21 10:14 test2.txt
